Building source distribution...
running egg_info
writing src/bh_sim.egg-info/PKG-INFO
writing dependency_links to src/bh_sim.egg-info/dependency_links.txt
writing entry points to src/bh_sim.egg-info/entry_points.txt
writing requirements to src/bh_sim.egg-info/requires.txt
writing top-level names to src/bh_sim.egg-info/top_level.txt
reading manifest file 'src/bh_sim.egg-info/SOURCES.txt'
adding license file 'LICENSE'
writing manifest file 'src/bh_sim.egg-info/SOURCES.txt'
running sdist
running egg_info
writing src/bh_sim.egg-info/PKG-INFO
writing dependency_links to src/bh_sim.egg-info/dependency_links.txt
writing entry points to src/bh_sim.egg-info/entry_points.txt
writing requirements to src/bh_sim.egg-info/requires.txt
writing top-level names to src/bh_sim.egg-info/top_level.txt
reading manifest file 'src/bh_sim.egg-info/SOURCES.txt'
adding license file 'LICENSE'
writing manifest file 'src/bh_sim.egg-info/SOURCES.txt'
running check
creating bh_sim-0.1.0
creating bh_sim-0.1.0/src/bh_sim
creating bh_sim-0.1.0/src/bh_sim.egg-info
creating bh_sim-0.1.0/src/bh_sim/adapters
creating bh_sim-0.1.0/src/bh_sim/api
creating bh_sim-0.1.0/src/bh_sim/application
creating bh_sim-0.1.0/src/bh_sim/boundary
creating bh_sim-0.1.0/src/bh_sim/core
creating bh_sim-0.1.0/src/bh_sim/engine
creating bh_sim-0.1.0/src/bh_sim/persistence
creating bh_sim-0.1.0/src/bh_sim/solvers
creating bh_sim-0.1.0/src/bh_sim/uix
creating bh_sim-0.1.0/src/bh_sim/worker
creating bh_sim-0.1.0/tests
copying files to bh_sim-0.1.0...
copying LICENSE -> bh_sim-0.1.0
copying README.md -> bh_sim-0.1.0
copying pyproject.toml -> bh_sim-0.1.0
copying src/bh_sim/__init__.py -> bh_sim-0.1.0/src/bh_sim
copying src/bh_sim/__main__.py -> bh_sim-0.1.0/src/bh_sim
copying src/bh_sim/audit.py -> bh_sim-0.1.0/src/bh_sim
copying src/bh_sim/cli.py -> bh_sim-0.1.0/src/bh_sim
copying src/bh_sim/composition.py -> bh_sim-0.1.0/src/bh_sim
copying src/bh_sim/desktop_launcher.py -> bh_sim-0.1.0/src/bh_sim
copying src/bh_sim/numerics.py -> bh_sim-0.1.0/src/bh_sim
copying src/bh_sim/radiators.py -> bh_sim-0.1.0/src/bh_sim
copying src/bh_sim/stream.py -> bh_sim-0.1.0/src/bh_sim
copying src/bh_sim/thermo.py -> bh_sim-0.1.0/src/bh_sim
copying src/bh_sim/transients.py -> bh_sim-0.1.0/src/bh_sim
copying src/bh_sim/unit_ops.py -> bh_sim-0.1.0/src/bh_sim
copying src/bh_sim.egg-info/PKG-INFO -> bh_sim-0.1.0/src/bh_sim.egg-info
copying src/bh_sim.egg-info/SOURCES.txt -> bh_sim-0.1.0/src/bh_sim.egg-info
copying src/bh_sim.egg-info/dependency_links.txt -> bh_sim-0.1.0/src/bh_sim.egg-info
copying src/bh_sim.egg-info/entry_points.txt -> bh_sim-0.1.0/src/bh_sim.egg-info
copying src/bh_sim.egg-info/requires.txt -> bh_sim-0.1.0/src/bh_sim.egg-info
copying src/bh_sim.egg-info/top_level.txt -> bh_sim-0.1.0/src/bh_sim.egg-info
copying src/bh_sim/adapters/__init__.py -> bh_sim-0.1.0/src/bh_sim/adapters
copying src/bh_sim/adapters/browser_format.py -> bh_sim-0.1.0/src/bh_sim/adapters
copying src/bh_sim/adapters/demonstrations.py -> bh_sim-0.1.0/src/bh_sim/adapters
copying src/bh_sim/adapters/desktop_preview.py -> bh_sim-0.1.0/src/bh_sim/adapters
copying src/bh_sim/adapters/drafts.py -> bh_sim-0.1.0/src/bh_sim/adapters
copying src/bh_sim/adapters/engineering.py -> bh_sim-0.1.0/src/bh_sim/adapters
copying src/bh_sim/adapters/history.py -> bh_sim-0.1.0/src/bh_sim/adapters
copying src/bh_sim/adapters/pfd.py -> bh_sim-0.1.0/src/bh_sim/adapters
copying src/bh_sim/adapters/reference.py -> bh_sim-0.1.0/src/bh_sim/adapters
copying src/bh_sim/adapters/storage.py -> bh_sim-0.1.0/src/bh_sim/adapters
copying src/bh_sim/adapters/worker_supervisor.py -> bh_sim-0.1.0/src/bh_sim/adapters
copying src/bh_sim/api/__init__.py -> bh_sim-0.1.0/src/bh_sim/api
copying src/bh_sim/api/adapter.py -> bh_sim-0.1.0/src/bh_sim/api
copying src/bh_sim/api/app.py -> bh_sim-0.1.0/src/bh_sim/api
copying src/bh_sim/api/schemas.py -> bh_sim-0.1.0/src/bh_sim/api
copying src/bh_sim/application/__init__.py -> bh_sim-0.1.0/src/bh_sim/application
copying src/bh_sim/application/commands.py -> bh_sim-0.1.0/src/bh_sim/application
copying src/bh_sim/application/control.py -> bh_sim-0.1.0/src/bh_sim/application
copying src/bh_sim/application/extensions.py -> bh_sim-0.1.0/src/bh_sim/application
copying src/bh_sim/application/history.py -> bh_sim-0.1.0/src/bh_sim/application
copying src/bh_sim/application/pfd.py -> bh_sim-0.1.0/src/bh_sim/application
copying src/bh_sim/application/ports.py -> bh_sim-0.1.0/src/bh_sim/application
copying src/bh_sim/application/services.py -> bh_sim-0.1.0/src/bh_sim/application
copying src/bh_sim/boundary/__init__.py -> bh_sim-0.1.0/src/bh_sim/boundary
copying src/bh_sim/boundary/contracts.py -> bh_sim-0.1.0/src/bh_sim/boundary
copying src/bh_sim/boundary/json_codec.py -> bh_sim-0.1.0/src/bh_sim/boundary
copying src/bh_sim/boundary/ports.py -> bh_sim-0.1.0/src/bh_sim/boundary
copying src/bh_sim/boundary/worker_framing.py -> bh_sim-0.1.0/src/bh_sim/boundary
copying src/bh_sim/core/__init__.py -> bh_sim-0.1.0/src/bh_sim/core
copying src/bh_sim/core/ai.py -> bh_sim-0.1.0/src/bh_sim/core
copying src/bh_sim/core/contracts.py -> bh_sim-0.1.0/src/bh_sim/core
copying src/bh_sim/core/ids.py -> bh_sim-0.1.0/src/bh_sim/core
copying src/bh_sim/core/json_codec.py -> bh_sim-0.1.0/src/bh_sim/core
copying src/bh_sim/core/quantity.py -> bh_sim-0.1.0/src/bh_sim/core
copying src/bh_sim/core/status.py -> bh_sim-0.1.0/src/bh_sim/core
copying src/bh_sim/engine/__init__.py -> bh_sim-0.1.0/src/bh_sim/engine
copying src/bh_sim/engine/catalog.py -> bh_sim-0.1.0/src/bh_sim/engine
copying src/bh_sim/engine/compiler.py -> bh_sim-0.1.0/src/bh_sim/engine
copying src/bh_sim/engine/models.py -> bh_sim-0.1.0/src/bh_sim/engine
copying src/bh_sim/engine/properties.py -> bh_sim-0.1.0/src/bh_sim/engine
copying src/bh_sim/engine/runner.py -> bh_sim-0.1.0/src/bh_sim/engine
copying src/bh_sim/persistence/__init__.py -> bh_sim-0.1.0/src/bh_sim/persistence
copying src/bh_sim/persistence/json_codec.py -> bh_sim-0.1.0/src/bh_sim/persistence
copying src/bh_sim/persistence/store.py -> bh_sim-0.1.0/src/bh_sim/persistence
copying src/bh_sim/solvers/__init__.py -> bh_sim-0.1.0/src/bh_sim/solvers
copying src/bh_sim/solvers/scipy_solver.py -> bh_sim-0.1.0/src/bh_sim/solvers
copying src/bh_sim/uix/__init__.py -> bh_sim-0.1.0/src/bh_sim/uix
copying src/bh_sim/uix/accessibility.py -> bh_sim-0.1.0/src/bh_sim/uix
copying src/bh_sim/uix/actions.py -> bh_sim-0.1.0/src/bh_sim/uix
copying src/bh_sim/uix/command_line.py -> bh_sim-0.1.0/src/bh_sim/uix
copying src/bh_sim/uix/design.py -> bh_sim-0.1.0/src/bh_sim/uix
copying src/bh_sim/uix/graph_viewer.py -> bh_sim-0.1.0/src/bh_sim/uix
copying src/bh_sim/uix/pfd_canvas.py -> bh_sim-0.1.0/src/bh_sim/uix
copying src/bh_sim/uix/pfd_editor.py -> bh_sim-0.1.0/src/bh_sim/uix
copying src/bh_sim/uix/pfd_settings.py -> bh_sim-0.1.0/src/bh_sim/uix
copying src/bh_sim/uix/window.py -> bh_sim-0.1.0/src/bh_sim/uix
copying src/bh_sim/uix/workbook_view.py -> bh_sim-0.1.0/src/bh_sim/uix
copying src/bh_sim/uix/workspace.py -> bh_sim-0.1.0/src/bh_sim/uix
copying src/bh_sim/uix/workstation_editor.py -> bh_sim-0.1.0/src/bh_sim/uix
copying src/bh_sim/worker/__init__.py -> bh_sim-0.1.0/src/bh_sim/worker
copying src/bh_sim/worker/entry.py -> bh_sim-0.1.0/src/bh_sim/worker
copying tests/test_ai_profiles.py -> bh_sim-0.1.0/tests
copying tests/test_api.py -> bh_sim-0.1.0/tests
copying tests/test_application.py -> bh_sim-0.1.0/tests
copying tests/test_attempt_persistence.py -> bh_sim-0.1.0/tests
copying tests/test_boundaries.py -> bh_sim-0.1.0/tests
copying tests/test_contracts.py -> bh_sim-0.1.0/tests
copying tests/test_control_contracts.py -> bh_sim-0.1.0/tests
copying tests/test_core.py -> bh_sim-0.1.0/tests
copying tests/test_desktop.py -> bh_sim-0.1.0/tests
copying tests/test_dw1_compatibility.py -> bh_sim-0.1.0/tests
copying tests/test_dw2_contracts.py -> bh_sim-0.1.0/tests
copying tests/test_dw45_remediation.py -> bh_sim-0.1.0/tests
copying tests/test_dw4_command_integration.py -> bh_sim-0.1.0/tests
copying tests/test_dw5_acceptance.py -> bh_sim-0.1.0/tests
copying tests/test_engine.py -> bh_sim-0.1.0/tests
copying tests/test_extensions.py -> bh_sim-0.1.0/tests
copying tests/test_graph_viewer.py -> bh_sim-0.1.0/tests
copying tests/test_history.py -> bh_sim-0.1.0/tests
copying tests/test_macos_launcher.py -> bh_sim-0.1.0/tests
copying tests/test_persistence.py -> bh_sim-0.1.0/tests
copying tests/test_pfd.py -> bh_sim-0.1.0/tests
copying tests/test_pfd_drag_drop.py -> bh_sim-0.1.0/tests
copying tests/test_pfd_editor.py -> bh_sim-0.1.0/tests
copying tests/test_workbook_results.py -> bh_sim-0.1.0/tests
copying tests/test_worker_protocol.py -> bh_sim-0.1.0/tests
copying tests/test_worker_supervisor.py -> bh_sim-0.1.0/tests
copying tests/test_workstation_editor.py -> bh_sim-0.1.0/tests
Writing bh_sim-0.1.0/setup.cfg
Creating tar archive
removing 'bh_sim-0.1.0' (and everything under it)
Building wheel from source distribution...
running egg_info
writing src/bh_sim.egg-info/PKG-INFO
writing dependency_links to src/bh_sim.egg-info/dependency_links.txt
writing entry points to src/bh_sim.egg-info/entry_points.txt
writing requirements to src/bh_sim.egg-info/requires.txt
writing top-level names to src/bh_sim.egg-info/top_level.txt
reading manifest file 'src/bh_sim.egg-info/SOURCES.txt'
adding license file 'LICENSE'
writing manifest file 'src/bh_sim.egg-info/SOURCES.txt'
running bdist_wheel
running build
running build_py
creating build/lib/bh_sim
copying src/bh_sim/radiators.py -> build/lib/bh_sim
copying src/bh_sim/unit_ops.py -> build/lib/bh_sim
copying src/bh_sim/audit.py -> build/lib/bh_sim
copying src/bh_sim/transients.py -> build/lib/bh_sim
copying src/bh_sim/desktop_launcher.py -> build/lib/bh_sim
copying src/bh_sim/__init__.py -> build/lib/bh_sim
copying src/bh_sim/stream.py -> build/lib/bh_sim
copying src/bh_sim/cli.py -> build/lib/bh_sim
copying src/bh_sim/thermo.py -> build/lib/bh_sim
copying src/bh_sim/composition.py -> build/lib/bh_sim
copying src/bh_sim/__main__.py -> build/lib/bh_sim
copying src/bh_sim/numerics.py -> build/lib/bh_sim
creating build/lib/bh_sim/core
copying src/bh_sim/core/ai.py -> build/lib/bh_sim/core
copying src/bh_sim/core/__init__.py -> build/lib/bh_sim/core
copying src/bh_sim/core/json_codec.py -> build/lib/bh_sim/core
copying src/bh_sim/core/contracts.py -> build/lib/bh_sim/core
copying src/bh_sim/core/ids.py -> build/lib/bh_sim/core
copying src/bh_sim/core/quantity.py -> build/lib/bh_sim/core
copying src/bh_sim/core/status.py -> build/lib/bh_sim/core
creating build/lib/bh_sim/uix
copying src/bh_sim/uix/workstation_editor.py -> build/lib/bh_sim/uix
copying src/bh_sim/uix/window.py -> build/lib/bh_sim/uix
copying src/bh_sim/uix/command_line.py -> build/lib/bh_sim/uix
copying src/bh_sim/uix/workbook_view.py -> build/lib/bh_sim/uix
copying src/bh_sim/uix/design.py -> build/lib/bh_sim/uix
copying src/bh_sim/uix/actions.py -> build/lib/bh_sim/uix
copying src/bh_sim/uix/__init__.py -> build/lib/bh_sim/uix
copying src/bh_sim/uix/pfd_settings.py -> build/lib/bh_sim/uix
copying src/bh_sim/uix/pfd_editor.py -> build/lib/bh_sim/uix
copying src/bh_sim/uix/pfd_canvas.py -> build/lib/bh_sim/uix
copying src/bh_sim/uix/workspace.py -> build/lib/bh_sim/uix
copying src/bh_sim/uix/accessibility.py -> build/lib/bh_sim/uix
copying src/bh_sim/uix/graph_viewer.py -> build/lib/bh_sim/uix
creating build/lib/bh_sim/boundary
copying src/bh_sim/boundary/ports.py -> build/lib/bh_sim/boundary
copying src/bh_sim/boundary/__init__.py -> build/lib/bh_sim/boundary
copying src/bh_sim/boundary/json_codec.py -> build/lib/bh_sim/boundary
copying src/bh_sim/boundary/contracts.py -> build/lib/bh_sim/boundary
copying src/bh_sim/boundary/worker_framing.py -> build/lib/bh_sim/boundary
creating build/lib/bh_sim/solvers
copying src/bh_sim/solvers/__init__.py -> build/lib/bh_sim/solvers
copying src/bh_sim/solvers/scipy_solver.py -> build/lib/bh_sim/solvers
creating build/lib/bh_sim/adapters
copying src/bh_sim/adapters/browser_format.py -> build/lib/bh_sim/adapters
copying src/bh_sim/adapters/demonstrations.py -> build/lib/bh_sim/adapters
copying src/bh_sim/adapters/__init__.py -> build/lib/bh_sim/adapters
copying src/bh_sim/adapters/drafts.py -> build/lib/bh_sim/adapters
copying src/bh_sim/adapters/pfd.py -> build/lib/bh_sim/adapters
copying src/bh_sim/adapters/storage.py -> build/lib/bh_sim/adapters
copying src/bh_sim/adapters/reference.py -> build/lib/bh_sim/adapters
copying src/bh_sim/adapters/engineering.py -> build/lib/bh_sim/adapters
copying src/bh_sim/adapters/worker_supervisor.py -> build/lib/bh_sim/adapters
copying src/bh_sim/adapters/desktop_preview.py -> build/lib/bh_sim/adapters
copying src/bh_sim/adapters/history.py -> build/lib/bh_sim/adapters
creating build/lib/bh_sim/persistence
copying src/bh_sim/persistence/store.py -> build/lib/bh_sim/persistence
copying src/bh_sim/persistence/__init__.py -> build/lib/bh_sim/persistence
copying src/bh_sim/persistence/json_codec.py -> build/lib/bh_sim/persistence
creating build/lib/bh_sim/api
copying src/bh_sim/api/adapter.py -> build/lib/bh_sim/api
copying src/bh_sim/api/__init__.py -> build/lib/bh_sim/api
copying src/bh_sim/api/schemas.py -> build/lib/bh_sim/api
copying src/bh_sim/api/app.py -> build/lib/bh_sim/api
creating build/lib/bh_sim/application
copying src/bh_sim/application/services.py -> build/lib/bh_sim/application
copying src/bh_sim/application/control.py -> build/lib/bh_sim/application
copying src/bh_sim/application/ports.py -> build/lib/bh_sim/application
copying src/bh_sim/application/__init__.py -> build/lib/bh_sim/application
copying src/bh_sim/application/extensions.py -> build/lib/bh_sim/application
copying src/bh_sim/application/pfd.py -> build/lib/bh_sim/application
copying src/bh_sim/application/commands.py -> build/lib/bh_sim/application
copying src/bh_sim/application/history.py -> build/lib/bh_sim/application
creating build/lib/bh_sim/worker
copying src/bh_sim/worker/__init__.py -> build/lib/bh_sim/worker
copying src/bh_sim/worker/entry.py -> build/lib/bh_sim/worker
creating build/lib/bh_sim/engine
copying src/bh_sim/engine/catalog.py -> build/lib/bh_sim/engine
copying src/bh_sim/engine/runner.py -> build/lib/bh_sim/engine
copying src/bh_sim/engine/compiler.py -> build/lib/bh_sim/engine
copying src/bh_sim/engine/models.py -> build/lib/bh_sim/engine
copying src/bh_sim/engine/properties.py -> build/lib/bh_sim/engine
copying src/bh_sim/engine/__init__.py -> build/lib/bh_sim/engine
running egg_info
writing src/bh_sim.egg-info/PKG-INFO
writing dependency_links to src/bh_sim.egg-info/dependency_links.txt
writing entry points to src/bh_sim.egg-info/entry_points.txt
writing requirements to src/bh_sim.egg-info/requires.txt
writing top-level names to src/bh_sim.egg-info/top_level.txt
reading manifest file 'src/bh_sim.egg-info/SOURCES.txt'
adding license file 'LICENSE'
writing manifest file 'src/bh_sim.egg-info/SOURCES.txt'
installing to build/bdist.macosx-11.0-arm64/wheel
running install
running install_lib
creating build/bdist.macosx-11.0-arm64/wheel
creating build/bdist.macosx-11.0-arm64/wheel/bh_sim
copying build/lib/bh_sim/radiators.py -> build/bdist.macosx-11.0-arm64/wheel/./bh_sim
copying build/lib/bh_sim/unit_ops.py -> build/bdist.macosx-11.0-arm64/wheel/./bh_sim
creating build/bdist.macosx-11.0-arm64/wheel/bh_sim/core
copying build/lib/bh_sim/core/ai.py -> build/bdist.macosx-11.0-arm64/wheel/./bh_sim/core
copying build/lib/bh_sim/core/__init__.py -> build/bdist.macosx-11.0-arm64/wheel/./bh_sim/core
copying build/lib/bh_sim/core/json_codec.py -> build/bdist.macosx-11.0-arm64/wheel/./bh_sim/core
copying build/lib/bh_sim/core/contracts.py -> build/bdist.macosx-11.0-arm64/wheel/./bh_sim/core
copying build/lib/bh_sim/core/ids.py -> build/bdist.macosx-11.0-arm64/wheel/./bh_sim/core
copying build/lib/bh_sim/core/quantity.py -> build/bdist.macosx-11.0-arm64/wheel/./bh_sim/core
copying build/lib/bh_sim/core/status.py -> build/bdist.macosx-11.0-arm64/wheel/./bh_sim/core
copying build/lib/bh_sim/audit.py -> build/bdist.macosx-11.0-arm64/wheel/./bh_sim
copying build/lib/bh_sim/transients.py -> build/bdist.macosx-11.0-arm64/wheel/./bh_sim
creating build/bdist.macosx-11.0-arm64/wheel/bh_sim/uix
copying build/lib/bh_sim/uix/workstation_editor.py -> build/bdist.macosx-11.0-arm64/wheel/./bh_sim/uix
copying build/lib/bh_sim/uix/window.py -> build/bdist.macosx-11.0-arm64/wheel/./bh_sim/uix
copying build/lib/bh_sim/uix/command_line.py -> build/bdist.macosx-11.0-arm64/wheel/./bh_sim/uix
copying build/lib/bh_sim/uix/workbook_view.py -> build/bdist.macosx-11.0-arm64/wheel/./bh_sim/uix
copying build/lib/bh_sim/uix/design.py -> build/bdist.macosx-11.0-arm64/wheel/./bh_sim/uix
copying build/lib/bh_sim/uix/actions.py -> build/bdist.macosx-11.0-arm64/wheel/./bh_sim/uix
copying build/lib/bh_sim/uix/__init__.py -> build/bdist.macosx-11.0-arm64/wheel/./bh_sim/uix
copying build/lib/bh_sim/uix/pfd_settings.py -> build/bdist.macosx-11.0-arm64/wheel/./bh_sim/uix
copying build/lib/bh_sim/uix/pfd_editor.py -> build/bdist.macosx-11.0-arm64/wheel/./bh_sim/uix
copying build/lib/bh_sim/uix/pfd_canvas.py -> build/bdist.macosx-11.0-arm64/wheel/./bh_sim/uix
copying build/lib/bh_sim/uix/workspace.py -> build/bdist.macosx-11.0-arm64/wheel/./bh_sim/uix
copying build/lib/bh_sim/uix/accessibility.py -> build/bdist.macosx-11.0-arm64/wheel/./bh_sim/uix
copying build/lib/bh_sim/uix/graph_viewer.py -> build/bdist.macosx-11.0-arm64/wheel/./bh_sim/uix
creating build/bdist.macosx-11.0-arm64/wheel/bh_sim/boundary
copying build/lib/bh_sim/boundary/ports.py -> build/bdist.macosx-11.0-arm64/wheel/./bh_sim/boundary
copying build/lib/bh_sim/boundary/__init__.py -> build/bdist.macosx-11.0-arm64/wheel/./bh_sim/boundary
copying build/lib/bh_sim/boundary/json_codec.py -> build/bdist.macosx-11.0-arm64/wheel/./bh_sim/boundary
copying build/lib/bh_sim/boundary/contracts.py -> build/bdist.macosx-11.0-arm64/wheel/./bh_sim/boundary
copying build/lib/bh_sim/boundary/worker_framing.py -> build/bdist.macosx-11.0-arm64/wheel/./bh_sim/boundary
copying build/lib/bh_sim/desktop_launcher.py -> build/bdist.macosx-11.0-arm64/wheel/./bh_sim
copying build/lib/bh_sim/__init__.py -> build/bdist.macosx-11.0-arm64/wheel/./bh_sim
creating build/bdist.macosx-11.0-arm64/wheel/bh_sim/solvers
copying build/lib/bh_sim/solvers/__init__.py -> build/bdist.macosx-11.0-arm64/wheel/./bh_sim/solvers
copying build/lib/bh_sim/solvers/scipy_solver.py -> build/bdist.macosx-11.0-arm64/wheel/./bh_sim/solvers
copying build/lib/bh_sim/stream.py -> build/bdist.macosx-11.0-arm64/wheel/./bh_sim
creating build/bdist.macosx-11.0-arm64/wheel/bh_sim/adapters
copying build/lib/bh_sim/adapters/browser_format.py -> build/bdist.macosx-11.0-arm64/wheel/./bh_sim/adapters
copying build/lib/bh_sim/adapters/demonstrations.py -> build/bdist.macosx-11.0-arm64/wheel/./bh_sim/adapters
copying build/lib/bh_sim/adapters/__init__.py -> build/bdist.macosx-11.0-arm64/wheel/./bh_sim/adapters
copying build/lib/bh_sim/adapters/drafts.py -> build/bdist.macosx-11.0-arm64/wheel/./bh_sim/adapters
copying build/lib/bh_sim/adapters/pfd.py -> build/bdist.macosx-11.0-arm64/wheel/./bh_sim/adapters
copying build/lib/bh_sim/adapters/storage.py -> build/bdist.macosx-11.0-arm64/wheel/./bh_sim/adapters
copying build/lib/bh_sim/adapters/reference.py -> build/bdist.macosx-11.0-arm64/wheel/./bh_sim/adapters
copying build/lib/bh_sim/adapters/engineering.py -> build/bdist.macosx-11.0-arm64/wheel/./bh_sim/adapters
copying build/lib/bh_sim/adapters/worker_supervisor.py -> build/bdist.macosx-11.0-arm64/wheel/./bh_sim/adapters
copying build/lib/bh_sim/adapters/desktop_preview.py -> build/bdist.macosx-11.0-arm64/wheel/./bh_sim/adapters
copying build/lib/bh_sim/adapters/history.py -> build/bdist.macosx-11.0-arm64/wheel/./bh_sim/adapters
copying build/lib/bh_sim/cli.py -> build/bdist.macosx-11.0-arm64/wheel/./bh_sim
copying build/lib/bh_sim/thermo.py -> build/bdist.macosx-11.0-arm64/wheel/./bh_sim
creating build/bdist.macosx-11.0-arm64/wheel/bh_sim/persistence
copying build/lib/bh_sim/persistence/store.py -> build/bdist.macosx-11.0-arm64/wheel/./bh_sim/persistence
copying build/lib/bh_sim/persistence/__init__.py -> build/bdist.macosx-11.0-arm64/wheel/./bh_sim/persistence
copying build/lib/bh_sim/persistence/json_codec.py -> build/bdist.macosx-11.0-arm64/wheel/./bh_sim/persistence
creating build/bdist.macosx-11.0-arm64/wheel/bh_sim/api
copying build/lib/bh_sim/api/adapter.py -> build/bdist.macosx-11.0-arm64/wheel/./bh_sim/api
copying build/lib/bh_sim/api/__init__.py -> build/bdist.macosx-11.0-arm64/wheel/./bh_sim/api
copying build/lib/bh_sim/api/schemas.py -> build/bdist.macosx-11.0-arm64/wheel/./bh_sim/api
copying build/lib/bh_sim/api/app.py -> build/bdist.macosx-11.0-arm64/wheel/./bh_sim/api
copying build/lib/bh_sim/composition.py -> build/bdist.macosx-11.0-arm64/wheel/./bh_sim
creating build/bdist.macosx-11.0-arm64/wheel/bh_sim/application
copying build/lib/bh_sim/application/services.py -> build/bdist.macosx-11.0-arm64/wheel/./bh_sim/application
copying build/lib/bh_sim/application/control.py -> build/bdist.macosx-11.0-arm64/wheel/./bh_sim/application
copying build/lib/bh_sim/application/ports.py -> build/bdist.macosx-11.0-arm64/wheel/./bh_sim/application
copying build/lib/bh_sim/application/__init__.py -> build/bdist.macosx-11.0-arm64/wheel/./bh_sim/application
copying build/lib/bh_sim/application/extensions.py -> build/bdist.macosx-11.0-arm64/wheel/./bh_sim/application
copying build/lib/bh_sim/application/pfd.py -> build/bdist.macosx-11.0-arm64/wheel/./bh_sim/application
copying build/lib/bh_sim/application/commands.py -> build/bdist.macosx-11.0-arm64/wheel/./bh_sim/application
copying build/lib/bh_sim/application/history.py -> build/bdist.macosx-11.0-arm64/wheel/./bh_sim/application
creating build/bdist.macosx-11.0-arm64/wheel/bh_sim/worker
copying build/lib/bh_sim/worker/__init__.py -> build/bdist.macosx-11.0-arm64/wheel/./bh_sim/worker
copying build/lib/bh_sim/worker/entry.py -> build/bdist.macosx-11.0-arm64/wheel/./bh_sim/worker
creating build/bdist.macosx-11.0-arm64/wheel/bh_sim/engine
copying build/lib/bh_sim/engine/catalog.py -> build/bdist.macosx-11.0-arm64/wheel/./bh_sim/engine
copying build/lib/bh_sim/engine/runner.py -> build/bdist.macosx-11.0-arm64/wheel/./bh_sim/engine
copying build/lib/bh_sim/engine/compiler.py -> build/bdist.macosx-11.0-arm64/wheel/./bh_sim/engine
copying build/lib/bh_sim/engine/models.py -> build/bdist.macosx-11.0-arm64/wheel/./bh_sim/engine
copying build/lib/bh_sim/engine/properties.py -> build/bdist.macosx-11.0-arm64/wheel/./bh_sim/engine
copying build/lib/bh_sim/engine/__init__.py -> build/bdist.macosx-11.0-arm64/wheel/./bh_sim/engine
copying build/lib/bh_sim/__main__.py -> build/bdist.macosx-11.0-arm64/wheel/./bh_sim
copying build/lib/bh_sim/numerics.py -> build/bdist.macosx-11.0-arm64/wheel/./bh_sim
running install_egg_info
Copying src/bh_sim.egg-info to build/bdist.macosx-11.0-arm64/wheel/./bh_sim-0.1.0-py3.13.egg-info
running install_scripts
creating build/bdist.macosx-11.0-arm64/wheel/bh_sim-0.1.0.dist-info/WHEEL
creating '/tmp/bh-dw45-remediation/dist/.tmp-2h9z4tfs/bh_sim-0.1.0-py3-none-any.whl' and adding 'build/bdist.macosx-11.0-arm64/wheel' to it
adding 'bh_sim/__init__.py'
adding 'bh_sim/__main__.py'
adding 'bh_sim/audit.py'
adding 'bh_sim/cli.py'
adding 'bh_sim/composition.py'
adding 'bh_sim/desktop_launcher.py'
adding 'bh_sim/numerics.py'
adding 'bh_sim/radiators.py'
adding 'bh_sim/stream.py'
adding 'bh_sim/thermo.py'
adding 'bh_sim/transients.py'
adding 'bh_sim/unit_ops.py'
adding 'bh_sim/adapters/__init__.py'
adding 'bh_sim/adapters/browser_format.py'
adding 'bh_sim/adapters/demonstrations.py'
adding 'bh_sim/adapters/desktop_preview.py'
adding 'bh_sim/adapters/drafts.py'
adding 'bh_sim/adapters/engineering.py'
adding 'bh_sim/adapters/history.py'
adding 'bh_sim/adapters/pfd.py'
adding 'bh_sim/adapters/reference.py'
adding 'bh_sim/adapters/storage.py'
adding 'bh_sim/adapters/worker_supervisor.py'
adding 'bh_sim/api/__init__.py'
adding 'bh_sim/api/adapter.py'
adding 'bh_sim/api/app.py'
adding 'bh_sim/api/schemas.py'
adding 'bh_sim/application/__init__.py'
adding 'bh_sim/application/commands.py'
adding 'bh_sim/application/control.py'
adding 'bh_sim/application/extensions.py'
adding 'bh_sim/application/history.py'
adding 'bh_sim/application/pfd.py'
adding 'bh_sim/application/ports.py'
adding 'bh_sim/application/services.py'
adding 'bh_sim/boundary/__init__.py'
adding 'bh_sim/boundary/contracts.py'
adding 'bh_sim/boundary/json_codec.py'
adding 'bh_sim/boundary/ports.py'
adding 'bh_sim/boundary/worker_framing.py'
adding 'bh_sim/core/__init__.py'
adding 'bh_sim/core/ai.py'
adding 'bh_sim/core/contracts.py'
adding 'bh_sim/core/ids.py'
adding 'bh_sim/core/json_codec.py'
adding 'bh_sim/core/quantity.py'
adding 'bh_sim/core/status.py'
adding 'bh_sim/engine/__init__.py'
adding 'bh_sim/engine/catalog.py'
adding 'bh_sim/engine/compiler.py'
adding 'bh_sim/engine/models.py'
adding 'bh_sim/engine/properties.py'
adding 'bh_sim/engine/runner.py'
adding 'bh_sim/persistence/__init__.py'
adding 'bh_sim/persistence/json_codec.py'
adding 'bh_sim/persistence/store.py'
adding 'bh_sim/solvers/__init__.py'
adding 'bh_sim/solvers/scipy_solver.py'
adding 'bh_sim/uix/__init__.py'
adding 'bh_sim/uix/accessibility.py'
adding 'bh_sim/uix/actions.py'
adding 'bh_sim/uix/command_line.py'
adding 'bh_sim/uix/design.py'
adding 'bh_sim/uix/graph_viewer.py'
adding 'bh_sim/uix/pfd_canvas.py'
adding 'bh_sim/uix/pfd_editor.py'
adding 'bh_sim/uix/pfd_settings.py'
adding 'bh_sim/uix/window.py'
adding 'bh_sim/uix/workbook_view.py'
adding 'bh_sim/uix/workspace.py'
adding 'bh_sim/uix/workstation_editor.py'
adding 'bh_sim/worker/__init__.py'
adding 'bh_sim/worker/entry.py'
adding 'bh_sim-0.1.0.dist-info/licenses/LICENSE'
adding 'bh_sim-0.1.0.dist-info/METADATA'
adding 'bh_sim-0.1.0.dist-info/WHEEL'
adding 'bh_sim-0.1.0.dist-info/entry_points.txt'
adding 'bh_sim-0.1.0.dist-info/top_level.txt'
adding 'bh_sim-0.1.0.dist-info/RECORD'
removing build/bdist.macosx-11.0-arm64/wheel
Successfully built /tmp/bh-dw45-remediation/dist/bh_sim-0.1.0.tar.gz
Successfully built /tmp/bh-dw45-remediation/dist/bh_sim-0.1.0-py3-none-any.whl
